<html>
<body>
<pre>
<h1>µVision Build Log</h1>
<h2>Project:</h2>
C:\code\LPC\lpc.uvproj
Project File Date:  03/17/2015

<h2>Output:</h2>
compiling main.c...
main.c(35): warning:  #1-D: last line of file ends without a newline
"main.c" - 0 Errors, 1 Warning(s).
Build target 'Target 1'
linking...
Program Size: Code=584 RO-data=16 RW-data=0 ZI-data=1256  
FromELF: creating hex file...
".\lpc.axf" - 0 Errors, 0 Warning(s).
compiling main.c...
main.c(35): warning:  #1-D: last line of file ends without a newline
"main.c" - 0 Errors, 1 Warning(s).
Build target 'Target 1'
linking...
Program Size: Code=584 RO-data=16 RW-data=0 ZI-data=1256  
FromELF: creating hex file...
".\lpc.axf" - 0 Errors, 0 Warning(s).
